13:43:02  help overlay ready
13:43:05  baselines reset
13:43:05  hotkey [
13:43:05  hotkey ]
13:43:05  hotkey -
13:43:05  hotkey =
13:43:05  hotkey z
13:43:05  hotkey x
13:43:05  hotkey r
13:43:05  hotkey o
13:43:05  hotkey v
13:43:05  hotkey f9
13:43:36  help overlay ready
13:43:39  baselines reset
13:43:39  hotkey [
13:43:39  hotkey ]
13:43:39  hotkey -
13:43:39  hotkey =
13:43:39  hotkey z
13:43:39  hotkey x
13:43:39  hotkey r
13:43:39  hotkey o
13:43:39  hotkey v
13:43:39  hotkey f9
13:44:05  enabled=OFF
13:44:05  overlay created
13:44:05  calibration started
13:44:06  lane d -> 758,963
13:44:07  lane f -> 883,951
13:44:07  lane j -> 1018,951
13:44:08  lane k -> 1139,946
13:44:08  calibration saved
13:44:50  BLACK SCREEN - use windowed/borderless so the desktop is capturable
13:45:02  BLACK SCREEN - use windowed/borderless so the desktop is capturable
13:45:18  BLACK SCREEN - use windowed/borderless so the desktop is capturable
13:46:08  BLACK SCREEN - use windowed/borderless so the desktop is capturable
13:46:26  BLACK SCREEN - use windowed/borderless so the desktop is capturable
13:48:10  BLACK SCREEN - use windowed/borderless so the desktop is capturable
13:48:26  BLACK SCREEN - use windowed/borderless so the desktop is capturable
13:48:43  BLACK SCREEN - use windowed/borderless so the desktop is capturable
13:48:54  BLACK SCREEN - use windowed/borderless so the desktop is capturable
13:49:12  BLACK SCREEN - use windowed/borderless so the desktop is capturable
13:49:18  BLACK SCREEN - use windowed/borderless so the desktop is capturable
13:49:57  BLACK SCREEN - use windowed/borderless so the desktop is capturable
13:55:35  help overlay ready
14:13:12  help overlay ready
14:13:15  baselines reset
14:13:15  hotkey [
14:13:15  hotkey ]
14:13:15  hotkey -
14:13:15  hotkey =
14:13:15  hotkey z
14:13:15  hotkey x
14:13:15  hotkey r
14:13:15  hotkey o
14:13:15  hotkey v
14:13:15  hotkey f9
14:14:22  overlay created
14:14:56  BLACK SCREEN - use windowed/borderless so the desktop is capturable
14:15:08  BLACK SCREEN - use windowed/borderless so the desktop is capturable
14:15:16  BLACK SCREEN - use windowed/borderless so the desktop is capturable
14:15:25  BLACK SCREEN - use windowed/borderless so the desktop is capturable
14:15:55  BLACK SCREEN - use windowed/borderless so the desktop is capturable
14:16:24  BLACK SCREEN - use windowed/borderless so the desktop is capturable
14:16:44  BLACK SCREEN - use windowed/borderless so the desktop is capturable
14:16:57  BLACK SCREEN - use windowed/borderless so the desktop is capturable
14:17:05  BLACK SCREEN - use windowed/borderless so the desktop is capturable
14:17:14  BLACK SCREEN - use windowed/borderless so the desktop is capturable
14:17:30  BLACK SCREEN - use windowed/borderless so the desktop is capturable
14:17:42  BLACK SCREEN - use windowed/borderless so the desktop is capturable
14:18:13  BLACK SCREEN - use windowed/borderless so the desktop is capturable
14:18:58  BLACK SCREEN - use windowed/borderless so the desktop is capturable
14:19:21  BLACK SCREEN - use windowed/borderless so the desktop is capturable
14:56:15  help overlay ready
14:56:18  baselines reset
14:56:18  hotkey [
14:56:18  hotkey ]
14:56:18  hotkey -
14:56:18  hotkey =
14:56:18  hotkey z
14:56:18  hotkey x
14:56:18  hotkey r
14:56:18  hotkey o
14:56:18  hotkey v
14:56:18  hotkey f9
14:56:32  overlay created
14:57:36  BLACK SCREEN - use windowed/borderless so the desktop is capturable
14:57:42  BLACK SCREEN - use windowed/borderless so the desktop is capturable
14:57:54  BLACK SCREEN - use windowed/borderless so the desktop is capturable
14:58:03  BLACK SCREEN - use windowed/borderless so the desktop is capturable
14:58:50  enabled=OFF
14:58:53  baselines reset
14:58:53  enabled=ON
14:58:59  BLACK SCREEN - use windowed/borderless so the desktop is capturable
14:59:02  BLACK SCREEN - use windowed/borderless so the desktop is capturable
14:59:20  BLACK SCREEN - use windowed/borderless so the desktop is capturable
14:59:36  BLACK SCREEN - use windowed/borderless so the desktop is capturable
14:59:49  BLACK SCREEN - use windowed/borderless so the desktop is capturable
15:00:08  BLACK SCREEN - use windowed/borderless so the desktop is capturable
15:00:20  BLACK SCREEN - use windowed/borderless so the desktop is capturable
15:00:43  BLACK SCREEN - use windowed/borderless so the desktop is capturable
15:00:53  BLACK SCREEN - use windowed/borderless so the desktop is capturable
15:00:58  BLACK SCREEN - use windowed/borderless so the desktop is capturable
15:03:20  help overlay ready
15:03:23  baselines reset
15:03:23  overlay created
15:04:16  help overlay ready
15:04:19  baselines reset
15:04:19  hotkey [
15:04:19  hotkey ]
15:04:19  hotkey -
15:04:19  hotkey =
15:04:19  hotkey z
15:04:19  hotkey x
15:04:19  hotkey r
15:04:19  hotkey o
15:04:19  hotkey v
15:04:19  hotkey f9
15:04:21  jitter=OFF
15:05:17  axis=BOTTOM
15:05:18  axis=TOP
15:05:30  jitter=ON
15:05:30  axis=BOTTOM
15:05:30  axis=TOP
15:05:35  axis=BOTTOM
15:05:35  axis=TOP
15:05:41  axis=BOTTOM
15:05:41  axis=TOP
15:05:55  axis=BOTTOM
15:06:03  jitter=OFF
15:06:03  axis=TOP
15:06:03  axis=BOTTOM
15:06:10  jitter=ON
15:06:11  jitter=OFF
15:06:11  axis=TOP
15:06:12  axis=BOTTOM
15:06:45  axis=TOP
15:06:46  axis=BOTTOM
15:06:47  axis=TOP
15:06:47  axis=BOTTOM
15:06:51  jitter=ON
15:06:53  axis=TOP
15:06:53  axis=BOTTOM
15:06:54  axis=TOP
15:06:54  axis=BOTTOM
15:06:59  axis=TOP
15:07:12  axis=BOTTOM
15:07:13  axis=TOP
15:07:16  jitter=OFF
15:07:16  axis=BOTTOM
15:07:22  axis=TOP
15:07:22  jitter=ON
15:07:23  jitter=OFF
15:07:24  jitter=ON
15:07:25  axis=BOTTOM
15:07:49  axis=TOP
15:07:49  axis=BOTTOM
15:07:54  axis=TOP
15:07:55  axis=BOTTOM
15:07:55  axis=TOP
15:08:14  axis=BOTTOM
